[21:24:33] --- Step 1: Checking dependencies ---
[21:24:33] [OK] Node.js found
[21:24:33] [OK] Python found
[21:24:33] [OK] npm found
[21:24:33] --- Step 2: Checking Docker (optional) ---
[21:24:33] [OK] Docker Desktop is running
[21:24:33] Starting MongoDB container...
[21:24:36] [OK] MongoDB container started
[21:24:36] --- Step 3: Setting up Backend ---
[21:24:36] Seeding database...
[21:24:49] [OK] Database seeded
[21:24:49] --- Step 4: Setting up Frontend ---
[21:24:49] --- Step 5: Setting up Desktop ---
[21:24:49] --- Starting Services ---
[21:24:49] Starting Backend API (Port 8000)...
[21:24:49] Started: powershell.exe (PID: 11684)
[21:24:49] Waiting for Backend API...
[21:24:53] [OK] Backend API is ready! (2 attempts)
[21:24:53] Starting Frontend UI (Port 3000)...
[21:24:53] Started: powershell.exe (PID: 24908)
[21:24:53] Waiting for Frontend UI...
[21:25:01] [OK] Frontend UI is ready! (2 attempts)
[21:25:01] Launching AUTOMATON Desktop...
[21:25:01] Electron launched (PID: 9416)
[21:25:01] Waiting for application to close...
[21:25:26] Shutting down AUTOMATON services...
[21:25:26] All services stopped.
[21:25:26] Log saved to: C:\Users\iagui\AI Projects\AUTOMATON\AUTOMATON-opencode\logs\launcher_20260405_212433.log
