[16:50:11] --- Step 1: Checking dependencies ---
[16:50:11] [OK] Node.js found
[16:50:11] [OK] Python found
[16:50:11] [OK] npm found
[16:50:11] --- Step 2: Checking Docker (optional) ---
[16:50:11] [OK] Docker Desktop is running
[16:50:11] Starting MongoDB container...
[16:50:13] [OK] MongoDB container started
[16:50:13] --- Step 3: Setting up Backend ---
[16:50:13] Installing backend dependencies (this may take a while)...
[16:50:17] [OK] Backend dependencies installed
[16:50:17] Seeding database...
[16:50:17] [OK] Database seeded
[16:50:17] --- Step 4: Setting up Frontend ---
[16:50:17] --- Step 5: Setting up Desktop ---
[16:50:17] --- Starting Services ---
[16:50:17] Starting Backend API (Port 8000)...
[16:50:17] Started: powershell.exe (PID: 18440)
[16:50:18] Waiting for Backend API...
[16:50:56]   ... still waiting for Backend API (attempt 10/60)
[16:51:37]   ... still waiting for Backend API (attempt 20/60)
[16:52:17]   ... still waiting for Backend API (attempt 30/60)
[16:52:58]   ... still waiting for Backend API (attempt 40/60)
[16:53:38]   ... still waiting for Backend API (attempt 50/60)
[16:54:19]   ... still waiting for Backend API (attempt 60/60)
[16:54:21] ERROR: Backend API failed to start after 60 attempts
[16:54:21] ERROR: Backend failed to start. Check logs at: C:\Users\iagui\AI Projects\AUTOMATON\AUTOMATON-opencode\logs\launcher_20260404_165011.log
[16:54:21] Shutting down AUTOMATON services...
[16:54:21] All services stopped.
[16:54:21] Log saved to: C:\Users\iagui\AI Projects\AUTOMATON\AUTOMATON-opencode\logs\launcher_20260404_165011.log
