[17:03:27] --- Step 1: Checking dependencies ---
[17:03:27] [OK] Node.js found
[17:03:27] [OK] Python found
[17:03:27] [OK] npm found
[17:03:27] --- Step 2: Checking Docker (optional) ---
[17:03:27] [OK] Docker Desktop is running
[17:03:27] Starting MongoDB container...
[17:03:27] [OK] MongoDB container started
[17:03:27] --- Step 3: Setting up Backend ---
[17:03:27] Seeding database...
[17:03:28] [OK] Database seeded
[17:03:28] --- Step 4: Setting up Frontend ---
[17:03:28] --- Step 5: Setting up Desktop ---
[17:03:28] --- Starting Services ---
[17:03:28] Starting Backend API (Port 8000)...
[17:03:28] Started: powershell.exe (PID: 30528)
[17:03:28] Waiting for Backend API...
[17:03:32] [OK] Backend API is ready! (2 attempts)
[17:03:32] Starting Frontend UI (Port 3000)...
[17:03:32] Started: powershell.exe (PID: 33544)
[17:03:32] Waiting for Frontend UI...
[17:03:58] [OK] Frontend UI is ready! (6 attempts)
[17:03:58] Launching AUTOMATON Desktop...
[17:03:58] Electron launched (PID: 27908)
[17:03:58] Waiting for application to close...
[17:04:32] Shutting down AUTOMATON services...
[17:04:32] All services stopped.
[17:04:32] Log saved to: C:\Users\iagui\AI Projects\AUTOMATON\AUTOMATON-opencode\logs\launcher_20260404_170327.log
